// Jest Snapshot v1, https://goo.gl/fbAQLP

exports[`<NewLink /> renders 1`] = `ShallowWrapper {}`;
