// Jest Snapshot v1, https://goo.gl/fbAQLP

exports[`<ModalsLauncher /> renders 1`] = `ShallowWrapper {}`;
