// Jest Snapshot v1, https://goo.gl/fbAQLP

exports[`<UserButtons /> renders 1`] = `ShallowWrapper {}`;
