// Jest Snapshot v1, https://goo.gl/fbAQLP

exports[`<CopyLink /> renders 1`] = `ShallowWrapper {}`;
