// Jest Snapshot v1, https://goo.gl/fbAQLP

exports[`<Register /> renders 1`] = `ShallowWrapper {}`;
